// Jest Snapshot v1, https://goo.gl/fbAQLP

exports[`Pruebas de <GifGridItem /> Debe de mostrar el componente correctamente 1`] = `
<div
  className="card animate_fadeIn"
>
  <img
    alt="un titulo"
    src="https://localhost/prueba.html"
  />
  <p>
    un titulo
  </p>
</div>
`;
